Archive member included to satisfy reference by file (symbol)

e:/programme/stm32-ide/stm32cubeide_1.7.0/stm32cubeide/plugins/com.st.stm32cube.ide.mcu.externaltools.gnu-tools-for-stm32.9-2020-q2-update.win32_2.0.0.202105311346/tools/bin/../lib/gcc/arm-none-eabi/9.3.1/../../../../arm-none-eabi/lib/thumb/v7-m/nofp\libc_nano.a(lib_a-errno.o)
                              ./Core/Src/syscalls.o (__errno)
e:/programme/stm32-ide/stm32cubeide_1.7.0/stm32cubeide/plugins/com.st.stm32cube.ide.mcu.externaltools.gnu-tools-for-stm32.9-2020-q2-update.win32_2.0.0.202105311346/tools/bin/../lib/gcc/arm-none-eabi/9.3.1/../../../../arm-none-eabi/lib/thumb/v7-m/nofp\libc_nano.a(lib_a-exit.o)
                              e:/programme/stm32-ide/stm32cubeide_1.7.0/stm32cubeide/plugins/com.st.stm32cube.ide.mcu.externaltools.gnu-tools-for-stm32.9-2020-q2-update.win32_2.0.0.202105311346/tools/bin/../lib/gcc/arm-none-eabi/9.3.1/../../../../arm-none-eabi/lib/thumb/v7-m/nofp/crt0.o (exit)
e:/programme/stm32-ide/stm32cubeide_1.7.0/stm32cubeide/plugins/com.st.stm32cube.ide.mcu.externaltools.gnu-tools-for-stm32.9-2020-q2-update.win32_2.0.0.202105311346/tools/bin/../lib/gcc/arm-none-eabi/9.3.1/../../../../arm-none-eabi/lib/thumb/v7-m/nofp\libc_nano.a(lib_a-impure.o)
                              e:/programme/stm32-ide/stm32cubeide_1.7.0/stm32cubeide/plugins/com.st.stm32cube.ide.mcu.externaltools.gnu-tools-for-stm32.9-2020-q2-update.win32_2.0.0.202105311346/tools/bin/../lib/gcc/arm-none-eabi/9.3.1/../../../../arm-none-eabi/lib/thumb/v7-m/nofp\libc_nano.a(lib_a-exit.o) (_global_impure_ptr)
e:/programme/stm32-ide/stm32cubeide_1.7.0/stm32cubeide/plugins/com.st.stm32cube.ide.mcu.externaltools.gnu-tools-for-stm32.9-2020-q2-update.win32_2.0.0.202105311346/tools/bin/../lib/gcc/arm-none-eabi/9.3.1/../../../../arm-none-eabi/lib/thumb/v7-m/nofp\libc_nano.a(lib_a-init.o)
                              e:/programme/stm32-ide/stm32cubeide_1.7.0/stm32cubeide/plugins/com.st.stm32cube.ide.mcu.externaltools.gnu-tools-for-stm32.9-2020-q2-update.win32_2.0.0.202105311346/tools/bin/../lib/gcc/arm-none-eabi/9.3.1/../../../../arm-none-eabi/lib/thumb/v7-m/nofp/crt0.o (__libc_init_array)
e:/programme/stm32-ide/stm32cubeide_1.7.0/stm32cubeide/plugins/com.st.stm32cube.ide.mcu.externaltools.gnu-tools-for-stm32.9-2020-q2-update.win32_2.0.0.202105311346/tools/bin/../lib/gcc/arm-none-eabi/9.3.1/../../../../arm-none-eabi/lib/thumb/v7-m/nofp\libc_nano.a(lib_a-memset.o)
                              e:/programme/stm32-ide/stm32cubeide_1.7.0/stm32cubeide/plugins/com.st.stm32cube.ide.mcu.externaltools.gnu-tools-for-stm32.9-2020-q2-update.win32_2.0.0.202105311346/tools/bin/../lib/gcc/arm-none-eabi/9.3.1/../../../../arm-none-eabi/lib/thumb/v7-m/nofp/crt0.o (memset)

Allocating common symbols
Common symbol       size              file

SCH_tasks_G         0xc8              ./Core/Src/scheduler.o
tempRed             0x4               ./Core/Src/global.o
tempYellow          0x4               ./Core/Src/global.o
yellowCounter       0x4               ./Core/Src/global.o
buttonDebounce3     0xc               ./Core/Src/button.o
uwTick              0x4               ./Drivers/STM32F1xx_HAL_Driver/Src/stm32f1xx_hal.o
pFlash              0x20              ./Drivers/STM32F1xx_HAL_Driver/Src/stm32f1xx_hal_flash.o
greenCounter        0x4               ./Core/Src/global.o
TimerForKeyPressed  0xc               ./Core/Src/button.o
redCounter          0x4               ./Core/Src/global.o
button_flag         0xc               ./Core/Src/button.o
buttonDebounce2     0xc               ./Core/Src/button.o
buttonDebounce0     0xc               ./Core/Src/button.o
htim2               0x48              ./Core/Src/main.o
tempGreen           0x4               ./Core/Src/global.o
buttonDebounce1     0xc               ./Core/Src/button.o

Discarded input sections

 .text          0x0000000000000000        0x0 e:/programme/stm32-ide/stm32cubeide_1.7.0/stm32cubeide/plugins/com.st.stm32cube.ide.mcu.externaltools.gnu-tools-for-stm32.9-2020-q2-update.win32_2.0.0.202105311346/tools/bin/../lib/gcc/arm-none-eabi/9.3.1/thumb/v7-m/nofp/crti.o
 .data          0x0000000000000000        0x0 e:/programme/stm32-ide/stm32cubeide_1.7.0/stm32cubeide/plugins/com.st.stm32cube.ide.mcu.externaltools.gnu-tools-for-stm32.9-2020-q2-update.win32_2.0.0.202105311346/tools/bin/../lib/gcc/arm-none-eabi/9.3.1/thumb/v7-m/nofp/crti.o
 .bss           0x0000000000000000        0x0 e:/programme/stm32-ide/stm32cubeide_1.7.0/stm32cubeide/plugins/com.st.stm32cube.ide.mcu.externaltools.gnu-tools-for-stm32.9-2020-q2-update.win32_2.0.0.202105311346/tools/bin/../lib/gcc/arm-none-eabi/9.3.1/thumb/v7-m/nofp/crti.o
 .data          0x0000000000000000        0x4 e:/programme/stm32-ide/stm32cubeide_1.7.0/stm32cubeide/plugins/com.st.stm32cube.ide.mcu.externaltools.gnu-tools-for-stm32.9-2020-q2-update.win32_2.0.0.202105311346/tools/bin/../lib/gcc/arm-none-eabi/9.3.1/thumb/v7-m/nofp/crtbegin.o
[...]
Memory Configuration

Name             Origin             Length             Attributes
RAM              0x0000000020000000 0x0000000000002800 xrw
FLASH            0x0000000008000000 0x0000000000008000 xr
*default*        0x0000000000000000 0xffffffffffffffff

Linker script and memory map

LOAD e:/programme/stm32-ide/stm32cubeide_1.7.0/stm32cubeide/plugins/com.st.stm32cube.ide.mcu.externaltools.gnu-tools-for-stm32.9-2020-q2-update.win32_2.0.0.202105311346/tools/bin/../lib/gcc/arm-none-eabi/9.3.1/thumb/v7-m/nofp/crti.o
LOAD e:/programme/stm32-ide/stm32cubeide_1.7.0/stm32cubeide/plugins/com.st.stm32cube.ide.mcu.externaltools.gnu-tools-for-stm32.9-2020-q2-update.win32_2.0.0.202105311346/tools/bin/../lib/gcc/arm-none-eabi/9.3.1/thumb/v7-m/nofp/crtbegin.o
LOAD e:/programme/stm32-ide/stm32cubeide_1.7.0/stm32cubeide/plugins/com.st.stm32cube.ide.mcu.externaltools.gnu-tools-for-stm32.9-2020-q2-update.win32_2.0.0.202105311346/tools/bin/../lib/gcc/arm-none-eabi/9.3.1/../../../../arm-none-eabi/lib/thumb/v7-m/nofp/crt0.o
LOAD ./Core/Src/button.o
LOAD ./Core/Src/display.o
LOAD ./Core/Src/fsm_automatic.o
LOAD ./Core/Src/fsm_manual.o
LOAD ./Core/Src/global.o
LOAD ./Core/Src/main.o
LOAD ./Core/Src/scheduler.o
LOAD ./Core/Src/software_timer.o
LOAD ./Core/Src/stm32f1xx_hal_msp.o
LOAD ./Core/Src/stm32f1xx_it.o
LOAD ./Core/Src/syscalls.o
LOAD ./Core/Src/sysmem.o
LOAD ./Core/Src/system_stm32f1xx.o
LOAD ./Core/Startup/startup_stm32f103c6tx.o
LOAD ./Drivers/STM32F1xx_HAL_Driver/Src/stm32f1xx_hal.o
LOAD ./Drivers/STM32F1xx_HAL_Driver/Src/stm32f1xx_hal_cortex.o
LOAD ./Drivers/STM32F1xx_HAL_Driver/Src/stm32f1xx_hal_dma.o
LOAD ./Drivers/STM32F1xx_HAL_Driver/Src/stm32f1xx_hal_exti.o
LOAD ./Drivers/STM32F1xx_HAL_Driver/Src/stm32f1xx_hal_flash.o
LOAD ./Drivers/STM32F1xx_HAL_Driver/Src/stm32f1xx_hal_flash_ex.o
LOAD ./Drivers/STM32F1xx_HAL_Driver/Src/stm32f1xx_hal_gpio.o
LOAD ./Drivers/STM32F1xx_HAL_Driver/Src/stm32f1xx_hal_gpio_ex.o
LOAD ./Drivers/STM32F1xx_HAL_Driver/Src/stm32f1xx_hal_pwr.o
LOAD ./Drivers/STM32F1xx_HAL_Driver/Src/stm32f1xx_hal_rcc.o
LOAD ./Drivers/STM32F1xx_HAL_Driver/Src/stm32f1xx_hal_rcc_ex.o
LOAD ./Drivers/STM32F1xx_HAL_Driver/Src/stm32f1xx_hal_tim.o
LOAD ./Drivers/STM32F1xx_HAL_Driver/Src/stm32f1xx_hal_tim_ex.o
START GROUP
LOAD e:/programme/stm32-ide/stm32cubeide_1.7.0/stm32cubeide/plugins/com.st.stm32cube.ide.mcu.externaltools.gnu-tools-for-stm32.9-2020-q2-update.win32_2.0.0.202105311346/tools/bin/../lib/gcc/arm-none-eabi/9.3.1/../../../../arm-none-eabi/lib/thumb/v7-m/nofp\libc_nano.a
LOAD e:/programme/stm32-ide/stm32cubeide_1.7.0/stm32cubeide/plugins/com.st.stm32cube.ide.mcu.externaltools.gnu-tools-for-stm32.9-2020-q2-update.win32_2.0.0.202105311346/tools/bin/../lib/gcc/arm-none-eabi/9.3.1/../../../../arm-none-eabi/lib/thumb/v7-m/nofp\libm.a
END GROUP
START GROUP
LOAD e:/programme/stm32-ide/stm32cubeide_1.7.0/stm32cubeide/plugins/com.st.stm32cube.ide.mcu.externaltools.gnu-tools-for-stm32.9-2020-q2-update.win32_2.0.0.202105311346/tools/bin/../lib/gcc/arm-none-eabi/9.3.1/thumb/v7-m/nofp\libgcc.a
LOAD e:/programme/stm32-ide/stm32cubeide_1.7.0/stm32cubeide/plugins/com.st.stm32cube.ide.mcu.externaltools.gnu-tools-for-stm32.9-2020-q2-update.win32_2.0.0.202105311346/tools/bin/../lib/gcc/arm-none-eabi/9.3.1/../../../../arm-none-eabi/lib/thumb/v7-m/nofp\libc_nano.a
END GROUP
START GROUP
LOAD e:/programme/stm32-ide/stm32cubeide_1.7.0/stm32cubeide/plugins/com.st.stm32cube.ide.mcu.externaltools.gnu-tools-for-stm32.9-2020-q2-update.win32_2.0.0.202105311346/tools/bin/../lib/gcc/arm-none-eabi/9.3.1/thumb/v7-m/nofp\libgcc.a
LOAD e:/programme/stm32-ide/stm32cubeide_1.7.0/stm32cubeide/plugins/com.st.stm32cube.ide.mcu.externaltools.gnu-tools-for-stm32.9-2020-q2-update.win32_2.0.0.202105311346/tools/bin/../lib/gcc/arm-none-eabi/9.3.1/../../../../arm-none-eabi/lib/thumb/v7-m/nofp\libc_nano.a
LOAD e:/programme/stm32-ide/stm32cubeide_1.7.0/stm32cubeide/plugins/com.st.stm32cube.ide.mcu.externaltools.gnu-tools-for-stm32.9-2020-q2-update.win32_2.0.0.202105311346/tools/bin/../lib/gcc/arm-none-eabi/9.3.1/../../../../arm-none-eabi/lib/thumb/v7-m/nofp\libnosys.a
END GROUP
START GROUP
LOAD e:/programme/stm32-ide/stm32cubeide_1.7.0/stm32cubeide/plugins/com.st.stm32cube.ide.mcu.externaltools.gnu-tools-for-stm32.9-2020-q2-update.win32_2.0.0.202105311346/tools/bin/../lib/gcc/arm-none-eabi/9.3.1/thumb/v7-m/nofp\libgcc.a
LOAD e:/programme/stm32-ide/stm32cubeide_1.7.0/stm32cubeide/plugins/com.st.stm32cube.ide.mcu.externaltools.gnu-tools-for-stm32.9-2020-q2-update.win32_2.0.0.202105311346/tools/bin/../lib/gcc/arm-none-eabi/9.3.1/../../../../arm-none-eabi/lib/thumb/v7-m/nofp\libc_nano.a
LOAD e:/programme/stm32-ide/stm32cubeide_1.7.0/stm32cubeide/plugins/com.st.stm32cube.ide.mcu.externaltools.gnu-tools-for-stm32.9-2020-q2-update.win32_2.0.0.202105311346/tools/bin/../lib/gcc/arm-none-eabi/9.3.1/../../../../arm-none-eabi/lib/thumb/v7-m/nofp\libnosys.a
END GROUP
LOAD e:/programme/stm32-ide/stm32cubeide_1.7.0/stm32cubeide/plugins/com.st.stm32cube.ide.mcu.externaltools.gnu-tools-for-stm32.9-2020-q2-update.win32_2.0.0.202105311346/tools/bin/../lib/gcc/arm-none-eabi/9.3.1/thumb/v7-m/nofp/crtend.o
LOAD e:/programme/stm32-ide/stm32cubeide_1.7.0/stm32cubeide/plugins/com.st.stm32cube.ide.mcu.externaltools.gnu-tools-for-stm32.9-2020-q2-update.win32_2.0.0.202105311346/tools/bin/../lib/gcc/arm-none-eabi/9.3.1/thumb/v7-m/nofp/crtn.o
                0x0000000020002800                _estack = (ORIGIN (RAM) + LENGTH (RAM))
                0x0000000000000200                _Min_Heap_Size = 0x200
                0x0000000000000400                _Min_Stack_Size = 0x400

.isr_vector     0x0000000008000000      0x10c
                0x0000000008000000                . = ALIGN (0x4)
 *(.isr_vector)
 .isr_vector    0x0000000008000000      0x10c ./Core/Startup/startup_stm32f103c6tx.o
                0x0000000008000000                g_pfnVectors
                0x000000000800010c                . = ALIGN (0x4)

.text           0x000000000800010c     0x28dc
                0x000000000800010c                . = ALIGN (0x4)
 *(.text)
 .text          0x000000000800010c       0x40 e:/programme/stm32-ide/stm32cubeide_1.7.0/stm32cubeide/plugins/com.st.stm32cube.ide.mcu.externaltools.gnu-tools-for-stm32.9-2020-q2-update.win32_2.0.0.202105311346/tools/bin/../lib/gcc/arm-none-eabi/9.3.1/thumb/v7-m/nofp/crtbegin.o
 *(.text*)
 .text.initButton
                0x000000000800014c       0x78 ./Core/Src/button.o
                0x000000000800014c                initButton
 .text.isButtonPressed
                0x00000000080001c4       0x34 ./Core/Src/button.o
                0x00000000080001c4                isButtonPressed
 .text.subKeyProcess
                0x00000000080001f8       0x20 ./Core/Src/button.o
                0x00000000080001f8                subKeyProcess
 .text.getKeyInput
                0x0000000008000218      0x134 ./Core/Src/button.o
                0x0000000008000218                getKeyInput
 .text.display7SEG
                0x000000000800034c       0xb8 ./Core/Src/display.o
                0x000000000800034c                display7SEG
 .text.clearAll
                0x0000000008000404       0x28 ./Core/Src/display.o
                0x0000000008000404                clearAll
 .text.en_Pin   0x000000000800042c       0x2c ./Core/Src/display.o
                0x000000000800042c                en_Pin
 .text.update7SEG
                0x0000000008000458       0x80 ./Core/Src/display.o
                0x0000000008000458                update7SEG
 .text.updateLedBuffer
                0x00000000080004d8       0x78 ./Core/Src/display.o
                0x00000000080004d8                updateLedBuffer
 .text.turnOn   0x0000000008000550      0x100 ./Core/Src/display.o
                0x0000000008000550                turnOn
 .text.blinking
                0x0000000008000650       0xdc ./Core/Src/display.o
                0x0000000008000650                blinking
 .text.fsm_init
                0x000000000800072c       0x70 ./Core/Src/fsm_automatic.o
                0x000000000800072c                fsm_init
 .text.fsm_automatic_run
                0x000000000800079c      0x260 ./Core/Src/fsm_automatic.o
                0x000000000800079c                fsm_automatic_run
 .text.fsm_manual_run
                0x00000000080009fc      0x2a8 ./Core/Src/fsm_manual.o
                0x00000000080009fc                fsm_manual_run
 .text.displayLed
                0x0000000008000ca4       0x2c ./Core/Src/main.o
                0x0000000008000ca4                displayLed
 .text.main     0x0000000008000cd0       0x5c ./Core/Src/main.o
                0x0000000008000cd0                main
 .text.SystemClock_Config
                0x0000000008000d2c       0x76 ./Core/Src/main.o
                0x0000000008000d2c                SystemClock_Config
 *fill*         0x0000000008000da2        0x2 
 .text.MX_TIM2_Init
                0x0000000008000da4       0x98 ./Core/Src/main.o
 .text.MX_GPIO_Init
                0x0000000008000e3c       0xc4 ./Core/Src/main.o
 .text.HAL_TIM_PeriodElapsedCallback
                0x0000000008000f00       0x18 ./Core/Src/main.o
                0x0000000008000f00                HAL_TIM_PeriodElapsedCallback
 .text.Error_Handler
                0x0000000008000f18        0xa ./Core/Src/main.o
                0x0000000008000f18                Error_Handler
 *fill*         0x0000000008000f22        0x2 
 .text.SCH_Init
                0x0000000008000f24       0x34 ./Core/Src/scheduler.o
                0x0000000008000f24                SCH_Init
 .text.SCH_Add_Task
                0x0000000008000f58       0xbc ./Core/Src/scheduler.o
                0x0000000008000f58                SCH_Add_Task
 .text.SCH_Update
                0x0000000008001014       0xb4 ./Core/Src/scheduler.o
                0x0000000008001014                SCH_Update
 .text.SCH_Dispatch_Tasks
                0x00000000080010c8       0xa0 ./Core/Src/scheduler.o
                0x00000000080010c8                SCH_Dispatch_Tasks
 .text.SCH_Delete_Task
                0x0000000008001168       0xd4 ./Core/Src/scheduler.o
                0x0000000008001168                SCH_Delete_Task
 .text.HAL_MspInit
                0x000000000800123c       0x64 ./Core/Src/stm32f1xx_hal_msp.o
                0x000000000800123c                HAL_MspInit
 .text.HAL_TIM_Base_MspInit
                0x00000000080012a0       0x48 ./Core/Src/stm32f1xx_hal_msp.o
                0x00000000080012a0                HAL_TIM_Base_MspInit
 .text.NMI_Handler
                0x00000000080012e8        0x6 ./Core/Src/stm32f1xx_it.o
                0x00000000080012e8                NMI_Handler
 .text.HardFault_Handler
                0x00000000080012ee        0x6 ./Core/Src/stm32f1xx_it.o
                0x00000000080012ee                HardFault_Handler
 .text.MemManage_Handler
                0x00000000080012f4        0x6 ./Core/Src/stm32f1xx_it.o
                0x00000000080012f4                MemManage_Handler
 .text.BusFault_Handler
                0x00000000080012fa        0x6 ./Core/Src/stm32f1xx_it.o
                0x00000000080012fa                BusFault_Handler
 .text.UsageFault_Handler
                0x0000000008001300        0x6 ./Core/Src/stm32f1xx_it.o
                0x0000000008001300                UsageFault_Handler
 .text.SVC_Handler
                0x0000000008001306        0xc ./Core/Src/stm32f1xx_it.o
                0x0000000008001306                SVC_Handler
 .text.DebugMon_Handler
                0x0000000008001312        0xc ./Core/Src/stm32f1xx_it.o
                0x0000000008001312                DebugMon_Handler
 .text.PendSV_Handler
                0x000000000800131e        0xc ./Core/Src/stm32f1xx_it.o
                0x000000000800131e                PendSV_Handler
 .text.SysTick_Handler
                0x000000000800132a        0xc ./Core/Src/stm32f1xx_it.o
                0x000000000800132a                SysTick_Handler
 *fill*         0x0000000008001336        0x2 
 .text.TIM2_IRQHandler
                0x0000000008001338       0x14 ./Core/Src/stm32f1xx_it.o
                0x0000000008001338                TIM2_IRQHandler
 .text.SystemInit
                0x000000000800134c        0xc ./Core/Src/system_stm32f1xx.o
                0x000000000800134c                SystemInit
 .text.Reset_Handler
                0x0000000008001358       0x48 ./Core/Startup/startup_stm32f103c6tx.o
                0x0000000008001358                Reset_Handler
 .text.Default_Handler
                0x00000000080013a0        0x2 ./Core/Startup/startup_stm32f103c6tx.o
                0x00000000080013a0                RTC_Alarm_IRQHandler
                0x00000000080013a0                EXTI2_IRQHandler
                0x00000000080013a0                TIM1_CC_IRQHandler
                0x00000000080013a0                PVD_IRQHandler
                0x00000000080013a0                EXTI3_IRQHandler
                0x00000000080013a0                EXTI0_IRQHandler
                0x00000000080013a0                ADC1_2_IRQHandler
                0x00000000080013a0                SPI1_IRQHandler
                0x00000000080013a0                TAMPER_IRQHandler
                0x00000000080013a0                DMA1_Channel4_IRQHandler
                0x00000000080013a0                RTC_IRQHandler
                0x00000000080013a0                DMA1_Channel7_IRQHandler
                0x00000000080013a0                CAN1_RX1_IRQHandler
                0x00000000080013a0                I2C1_EV_IRQHandler
                0x00000000080013a0                DMA1_Channel6_IRQHandler
                0x00000000080013a0                TIM3_IRQHandler
                0x00000000080013a0                RCC_IRQHandler
                0x00000000080013a0                TIM1_TRG_COM_IRQHandler
                0x00000000080013a0                DMA1_Channel1_IRQHandler
                0x00000000080013a0                Default_Handler
                0x00000000080013a0                EXTI15_10_IRQHandler
                0x00000000080013a0                EXTI9_5_IRQHandler
                0x00000000080013a0                DMA1_Channel5_IRQHandler
                0x00000000080013a0                EXTI4_IRQHandler
                0x00000000080013a0                USB_LP_CAN1_RX0_IRQHandler
                0x00000000080013a0                USB_HP_CAN1_TX_IRQHandler
                0x00000000080013a0                DMA1_Channel3_IRQHandler
                0x00000000080013a0                TIM1_UP_IRQHandler
                0x00000000080013a0                WWDG_IRQHandler
                0x00000000080013a0                TIM1_BRK_IRQHandler
                0x00000000080013a0                EXTI1_IRQHandler
                0x00000000080013a0                USART2_IRQHandler
                0x00000000080013a0                DMA1_Channel2_IRQHandler
                0x00000000080013a0                CAN1_SCE_IRQHandler
                0x00000000080013a0                FLASH_IRQHandler
                0x00000000080013a0                USART1_IRQHandler
                0x00000000080013a0                I2C1_ER_IRQHandler
                0x00000000080013a0                USBWakeUp_IRQHandler
 *fill*         0x00000000080013a2        0x2 
 .text.HAL_Init
                0x00000000080013a4       0x2c ./Drivers/STM32F1xx_HAL_Driver/Src/stm32f1xx_hal.o
                0x00000000080013a4                HAL_Init
 .text.HAL_InitTick
                0x00000000080013d0       0x60 ./Drivers/STM32F1xx_HAL_Driver/Src/stm32f1xx_hal.o
                0x00000000080013d0                HAL_InitTick
 .text.HAL_IncTick
                0x0000000008001430       0x24 ./Drivers/STM32F1xx_HAL_Driver/Src/stm32f1xx_hal.o
                0x0000000008001430                HAL_IncTick
 .text.HAL_GetTick
                0x0000000008001454       0x14 ./Drivers/STM32F1xx_HAL_Driver/Src/stm32f1xx_hal.o
                0x0000000008001454                HAL_GetTick
 .text.__NVIC_SetPriorityGrouping
                0x0000000008001468       0x48 ./Drivers/STM32F1xx_HAL_Driver/Src/stm32f1xx_hal_cortex.o
 .text.__NVIC_GetPriorityGrouping
                0x00000000080014b0       0x1c ./Drivers/STM32F1xx_HAL_Driver/Src/stm32f1xx_hal_cortex.o
 .text.__NVIC_EnableIRQ
                0x00000000080014cc       0x38 ./Drivers/STM32F1xx_HAL_Driver/Src/stm32f1xx_hal_cortex.o
 .text.__NVIC_SetPriority
                0x0000000008001504       0x54 ./Drivers/STM32F1xx_HAL_Driver/Src/stm32f1xx_hal_cortex.o
 .text.NVIC_EncodePriority
                0x0000000008001558       0x64 ./Drivers/STM32F1xx_HAL_Driver/Src/stm32f1xx_hal_cortex.o
 .text.SysTick_Config
                0x00000000080015bc       0x44 ./Drivers/STM32F1xx_HAL_Driver/Src/stm32f1xx_hal_cortex.o
 .text.HAL_NVIC_SetPriorityGrouping
                0x0000000008001600       0x16 ./Drivers/STM32F1xx_HAL_Driver/Src/stm32f1xx_hal_cortex.o
                0x0000000008001600                HAL_NVIC_SetPriorityGrouping
 .text.HAL_NVIC_SetPriority
                0x0000000008001616       0x38 ./Drivers/STM32F1xx_HAL_Driver/Src/stm32f1xx_hal_cortex.o
                0x0000000008001616                HAL_NVIC_SetPriority
 .text.HAL_NVIC_EnableIRQ
                0x000000000800164e       0x1c ./Drivers/STM32F1xx_HAL_Driver/Src/stm32f1xx_hal_cortex.o
                0x000000000800164e                HAL_NVIC_EnableIRQ
 .text.HAL_SYSTICK_Config
                0x000000000800166a       0x18 ./Drivers/STM32F1xx_HAL_Driver/Src/stm32f1xx_hal_cortex.o
                0x000000000800166a                HAL_SYSTICK_Config
 *fill*         0x0000000008001682        0x2 
 .text.HAL_GPIO_Init
                0x0000000008001684      0x2f4 ./Drivers/STM32F1xx_HAL_Driver/Src/stm32f1xx_hal_gpio.o
                0x0000000008001684                HAL_GPIO_Init
 .text.HAL_GPIO_ReadPin
                0x0000000008001978       0x2e ./Drivers/STM32F1xx_HAL_Driver/Src/stm32f1xx_hal_gpio.o
                0x0000000008001978                HAL_GPIO_ReadPin
 .text.HAL_GPIO_WritePin
                0x00000000080019a6       0x30 ./Drivers/STM32F1xx_HAL_Driver/Src/stm32f1xx_hal_gpio.o
                0x00000000080019a6                HAL_GPIO_WritePin
 .text.HAL_GPIO_TogglePin
                0x00000000080019d6       0x32 ./Drivers/STM32F1xx_HAL_Driver/Src/stm32f1xx_hal_gpio.o
                0x00000000080019d6                HAL_GPIO_TogglePin
 .text.HAL_RCC_OscConfig
                0x0000000008001a08      0x500 ./Drivers/STM32F1xx_HAL_Driver/Src/stm32f1xx_hal_rcc.o
                0x0000000008001a08                HAL_RCC_OscConfig
 .text.HAL_RCC_ClockConfig
                0x0000000008001f08      0x1d4 ./Drivers/STM32F1xx_HAL_Driver/Src/stm32f1xx_hal_rcc.o
                0x0000000008001f08                HAL_RCC_ClockConfig
 .text.HAL_RCC_GetSysClockFreq
                0x00000000080020dc       0xa8 ./Drivers/STM32F1xx_HAL_Driver/Src/stm32f1xx_hal_rcc.o
                0x00000000080020dc                HAL_RCC_GetSysClockFreq
 .text.RCC_Delay
                0x0000000008002184       0x3c ./Drivers/STM32F1xx_HAL_Driver/Src/stm32f1xx_hal_rcc.o
 .text.HAL_TIM_Base_Init
                0x00000000080021c0       0x9e ./Drivers/STM32F1xx_HAL_Driver/Src/stm32f1xx_hal_tim.o
                0x00000000080021c0                HAL_TIM_Base_Init
 *fill*         0x000000000800225e        0x2 
 .text.HAL_TIM_Base_Start_IT
                0x0000000008002260       0x98 ./Drivers/STM32F1xx_HAL_Driver/Src/stm32f1xx_hal_tim.o
                0x0000000008002260                HAL_TIM_Base_Start_IT
 .text.HAL_TIM_IRQHandler
                0x00000000080022f8      0x1e0 ./Drivers/STM32F1xx_HAL_Driver/Src/stm32f1xx_hal_tim.o
                0x00000000080022f8                HAL_TIM_IRQHandler
 .text.HAL_TIM_ConfigClockSource
                0x00000000080024d8      0x18e ./Drivers/STM32F1xx_HAL_Driver/Src/stm32f1xx_hal_tim.o
                0x00000000080024d8                HAL_TIM_ConfigClockSource
 .text.HAL_TIM_OC_DelayElapsedCallback
                0x0000000008002666       0x12 ./Drivers/STM32F1xx_HAL_Driver/Src/stm32f1xx_hal_tim.o
                0x0000000008002666                HAL_TIM_OC_DelayElapsedCallback
 .text.HAL_TIM_IC_CaptureCallback
                0x0000000008002678       0x12 ./Drivers/STM32F1xx_HAL_Driver/Src/stm32f1xx_hal_tim.o
                0x0000000008002678                HAL_TIM_IC_CaptureCallback
 .text.HAL_TIM_PWM_PulseFinishedCallback
                0x000000000800268a       0x12 ./Drivers/STM32F1xx_HAL_Driver/Src/stm32f1xx_hal_tim.o
                0x000000000800268a                HAL_TIM_PWM_PulseFinishedCallback
 .text.HAL_TIM_TriggerCallback
                0x000000000800269c       0x12 ./Drivers/STM32F1xx_HAL_Driver/Src/stm32f1xx_hal_tim.o
                0x000000000800269c                HAL_TIM_TriggerCallback
 *fill*         0x00000000080026ae        0x2 
 .text.TIM_Base_SetConfig
                0x00000000080026b0       0xc8 ./Drivers/STM32F1xx_HAL_Driver/Src/stm32f1xx_hal_tim.o
                0x00000000080026b0                TIM_Base_SetConfig
 .text.TIM_TI1_ConfigInputStage
                0x0000000008002778       0x5c ./Drivers/STM32F1xx_HAL_Driver/Src/stm32f1xx_hal_tim.o
 .text.TIM_TI2_ConfigInputStage
                0x00000000080027d4       0x5e ./Drivers/STM32F1xx_HAL_Driver/Src/stm32f1xx_hal_tim.o
 .text.TIM_ITRx_SetConfig
                0x0000000008002832       0x34 ./Drivers/STM32F1xx_HAL_Driver/Src/stm32f1xx_hal_tim.o
 .text.TIM_ETR_SetConfig
                0x0000000008002866       0x3e ./Drivers/STM32F1xx_HAL_Driver/Src/stm32f1xx_hal_tim.o
                0x0000000008002866                TIM_ETR_SetConfig
 .text.HAL_TIMEx_MasterConfigSynchronization
                0x00000000080028a4       0xb0 ./Drivers/STM32F1xx_HAL_Driver/Src/stm32f1xx_hal_tim_ex.o
                0x00000000080028a4                HAL_TIMEx_MasterConfigSynchronization
 .text.HAL_TIMEx_CommutCallback
                0x0000000008002954       0x12 ./Drivers/STM32F1xx_HAL_Driver/Src/stm32f1xx_hal_tim_ex.o
                0x0000000008002954                HAL_TIMEx_CommutCallback
 .text.HAL_TIMEx_BreakCallback
                0x0000000008002966       0x12 ./Drivers/STM32F1xx_HAL_Driver/Src/stm32f1xx_hal_tim_ex.o
                0x0000000008002966                HAL_TIMEx_BreakCallback
 .text.__libc_init_array
                0x0000000008002978       0x48 e:/programme/stm32-ide/stm32cubeide_1.7.0/stm32cubeide/plugins/com.st.stm32cube.ide.mcu.externaltools.gnu-tools-for-stm32.9-2020-q2-update.win32_2.0.0.202105311346/tools/bin/../lib/gcc/arm-none-eabi/9.3.1/../../../../arm-none-eabi/lib/thumb/v7-m/nofp\libc_nano.a(lib_a-init.o)
                0x0000000008002978                __libc_init_array
 .text.memset   0x00000000080029c0       0x10 e:/programme/stm32-ide/stm32cubeide_1.7.0/stm32cubeide/plugins/com.st.stm32cube.ide.mcu.externaltools.gnu-tools-for-stm32.9-2020-q2-update.win32_2.0.0.202105311346/tools/bin/../lib/gcc/arm-none-eabi/9.3.1/../../../../arm-none-eabi/lib/thumb/v7-m/nofp\libc_nano.a(lib_a-memset.o)
                0x00000000080029c0                memset
 *(.glue_7)
 .glue_7        0x00000000080029d0        0x0 linker stubs
 *(.glue_7t)
 .glue_7t       0x00000000080029d0        0x0 linker stubs
 *(.eh_frame)
 .eh_frame      0x00000000080029d0        0x0 e:/programme/stm32-ide/stm32cubeide_1.7.0/stm32cubeide/plugins/com.st.stm32cube.ide.mcu.externaltools.gnu-tools-for-stm32.9-2020-q2-update.win32_2.0.0.202105311346/tools/bin/../lib/gcc/arm-none-eabi/9.3.1/thumb/v7-m/nofp/crtbegin.o
 *(.init)
 .init          0x00000000080029d0        0x4 e:/programme/stm32-ide/stm32cubeide_1.7.0/stm32cubeide/plugins/com.st.stm32cube.ide.mcu.externaltools.gnu-tools-for-stm32.9-2020-q2-update.win32_2.0.0.202105311346/tools/bin/../lib/gcc/arm-none-eabi/9.3.1/thumb/v7-m/nofp/crti.o
                0x00000000080029d0                _init
 .init          0x00000000080029d4        0x8 e:/programme/stm32-ide/stm32cubeide_1.7.0/stm32cubeide/plugins/com.st.stm32cube.ide.mcu.externaltools.gnu-tools-for-stm32.9-2020-q2-update.win32_2.0.0.202105311346/tools/bin/../lib/gcc/arm-none-eabi/9.3.1/thumb/v7-m/nofp/crtn.o
 *(.fini)
 .fini          0x00000000080029dc        0x4 e:/programme/stm32-ide/stm32cubeide_1.7.0/stm32cubeide/plugins/com.st.stm32cube.ide.mcu.externaltools.gnu-tools-for-stm32.9-2020-q2-update.win32_2.0.0.202105311346/tools/bin/../lib/gcc/arm-none-eabi/9.3.1/thumb/v7-m/nofp/crti.o
                0x00000000080029dc                _fini
 .fini          0x00000000080029e0        0x8 e:/programme/stm32-ide/stm32cubeide_1.7.0/stm32cubeide/plugins/com.st.stm32cube.ide.mcu.externaltools.gnu-tools-for-stm32.9-2020-q2-update.win32_2.0.0.202105311346/tools/bin/../lib/gcc/arm-none-eabi/9.3.1/thumb/v7-m/nofp/crtn.o
                0x00000000080029e8                . = ALIGN (0x4)
                0x00000000080029e8                _etext = .

.vfp11_veneer   0x00000000080029e8        0x0
 .vfp11_veneer  0x00000000080029e8        0x0 linker stubs

.v4_bx          0x00000000080029e8        0x0
 .v4_bx         0x00000000080029e8        0x0 linker stubs

.iplt           0x00000000080029e8        0x0
 .iplt          0x00000000080029e8        0x0 e:/programme/stm32-ide/stm32cubeide_1.7.0/stm32cubeide/plugins/com.st.stm32cube.ide.mcu.externaltools.gnu-tools-for-stm32.9-2020-q2-update.win32_2.0.0.202105311346/tools/bin/../lib/gcc/arm-none-eabi/9.3.1/thumb/v7-m/nofp/crtbegin.o

.rodata         0x00000000080029e8       0x30
                0x00000000080029e8                . = ALIGN (0x4)
 *(.rodata)
 *(.rodata*)
 .rodata.Led7Seg
                0x00000000080029e8        0xa ./Core/Src/display.o
                0x00000000080029e8                Led7Seg
 *fill*         0x00000000080029f2        0x2 
 .rodata.AHBPrescTable
                0x00000000080029f4       0x10 ./Core/Src/system_stm32f1xx.o
                0x00000000080029f4                AHBPrescTable
 .rodata.aPLLMULFactorTable.6032
                0x0000000008002a04       0x10 ./Drivers/STM32F1xx_HAL_Driver/Src/stm32f1xx_hal_rcc.o
 .rodata.aPredivFactorTable.6033
                0x0000000008002a14        0x2 ./Drivers/STM32F1xx_HAL_Driver/Src/stm32f1xx_hal_rcc.o
                0x0000000008002a18                . = ALIGN (0x4)
 *fill*         0x0000000008002a16        0x2 

.rel.dyn        0x0000000008002a18        0x0
 .rel.iplt      0x0000000008002a18        0x0 e:/programme/stm32-ide/stm32cubeide_1.7.0/stm32cubeide/plugins/com.st.stm32cube.ide.mcu.externaltools.gnu-tools-for-stm32.9-2020-q2-update.win32_2.0.0.202105311346/tools/bin/../lib/gcc/arm-none-eabi/9.3.1/thumb/v7-m/nofp/crtbegin.o

.ARM.extab      0x0000000008002a18        0x0
                0x0000000008002a18                . = ALIGN (0x4)
 *(.ARM.extab* .gnu.linkonce.armextab.*)
                0x0000000008002a18                . = ALIGN (0x4)

.ARM            0x0000000008002a18        0x0
                0x0000000008002a18                . = ALIGN (0x4)
                0x0000000008002a18                __exidx_start = .
 *(.ARM.exidx*)
                0x0000000008002a18                __exidx_end = .
                0x0000000008002a18                . = ALIGN (0x4)

.preinit_array  0x0000000008002a18        0x0
                0x0000000008002a18                . = ALIGN (0x4)
                0x0000000008002a18                PROVIDE (__preinit_array_start = .)
 *(.preinit_array*)
                0x0000000008002a18                PROVIDE (__preinit_array_end = .)
                0x0000000008002a18                . = ALIGN (0x4)

.init_array     0x0000000008002a18        0x4
                0x0000000008002a18                . = ALIGN (0x4)
                0x0000000008002a18                PROVIDE (__init_array_start = .)
 *(SORT_BY_NAME(.init_array.*))
 *(.init_array*)
 .init_array    0x0000000008002a18        0x4 e:/programme/stm32-ide/stm32cubeide_1.7.0/stm32cubeide/plugins/com.st.stm32cube.ide.mcu.externaltools.gnu-tools-for-stm32.9-2020-q2-update.win32_2.0.0.202105311346/tools/bin/../lib/gcc/arm-none-eabi/9.3.1/thumb/v7-m/nofp/crtbegin.o
                0x0000000008002a1c                PROVIDE (__init_array_end = .)
                0x0000000008002a1c                . = ALIGN (0x4)

.fini_array     0x0000000008002a1c        0x4
                0x0000000008002a1c                . = ALIGN (0x4)
                [!provide]                        PROVIDE (__fini_array_start = .)
 *(SORT_BY_NAME(.fini_array.*))
 *(.fini_array*)
 .fini_array    0x0000000008002a1c        0x4 e:/programme/stm32-ide/stm32cubeide_1.7.0/stm32cubeide/plugins/com.st.stm32cube.ide.mcu.externaltools.gnu-tools-for-stm32.9-2020-q2-update.win32_2.0.0.202105311346/tools/bin/../lib/gcc/arm-none-eabi/9.3.1/thumb/v7-m/nofp/crtbegin.o
                [!provide]                        PROVIDE (__fini_array_end = .)
                0x0000000008002a20                . = ALIGN (0x4)
                0x0000000008002a20                _sidata = LOADADDR (.data)

.data           0x0000000020000000       0x2c load address 0x0000000008002a20
                0x0000000020000000                . = ALIGN (0x4)
                0x0000000020000000                _sdata = .
 *(.data)
 *(.data*)
 .data.en_pin   0x0000000020000000       0x10 ./Core/Src/display.o
                0x0000000020000000                en_pin
 .data.redDuration
                0x0000000020000010        0x4 ./Core/Src/global.o
                0x0000000020000010                redDuration
 .data.greenDuration
                0x0000000020000014        0x4 ./Core/Src/global.o
                0x0000000020000014                greenDuration
 .data.yellowDuration
                0x0000000020000018        0x4 ./Core/Src/global.o
                0x0000000020000018                yellowDuration
 .data.TICK     0x000000002000001c        0x4 ./Core/Src/global.o
                0x000000002000001c                TICK
 .data.SystemCoreClock
                0x0000000020000020        0x4 ./Core/Src/system_stm32f1xx.o
                0x0000000020000020                SystemCoreClock
 .data.uwTickPrio
                0x0000000020000024        0x4 ./Drivers/STM32F1xx_HAL_Driver/Src/stm32f1xx_hal.o
                0x0000000020000024                uwTickPrio
 .data.uwTickFreq
                0x0000000020000028        0x1 ./Drivers/STM32F1xx_HAL_Driver/Src/stm32f1xx_hal.o
                0x0000000020000028                uwTickFreq
 *(.RamFunc)
 *(.RamFunc*)
                0x000000002000002c                . = ALIGN (0x4)
 *fill*         0x0000000020000029        0x3 
                0x000000002000002c                _edata = .

.igot.plt       0x000000002000002c        0x0 load address 0x0000000008002a4c
 .igot.plt      0x000000002000002c        0x0 e:/programme/stm32-ide/stm32cubeide_1.7.0/stm32cubeide/plugins/com.st.stm32cube.ide.mcu.externaltools.gnu-tools-for-stm32.9-2020-q2-update.win32_2.0.0.202105311346/tools/bin/../lib/gcc/arm-none-eabi/9.3.1/thumb/v7-m/nofp/crtbegin.o
                0x000000002000002c                . = ALIGN (0x4)

.bss            0x000000002000002c      0x1b8 load address 0x0000000008002a4c
                0x000000002000002c                _sbss = .
                0x000000002000002c                __bss_start__ = _sbss
 *(.bss)
 .bss           0x000000002000002c       0x1c e:/programme/stm32-ide/stm32cubeide_1.7.0/stm32cubeide/plugins/com.st.stm32cube.ide.mcu.externaltools.gnu-tools-for-stm32.9-2020-q2-update.win32_2.0.0.202105311346/tools/bin/../lib/gcc/arm-none-eabi/9.3.1/thumb/v7-m/nofp/crtbegin.o
 *(.bss*)
 .bss.led_buffer
                0x0000000020000048       0x10 ./Core/Src/display.o
                0x0000000020000048                led_buffer
 .bss.status    0x0000000020000058        0x4 ./Core/Src/global.o
                0x0000000020000058                status
 .bss.horizontal
                0x000000002000005c        0x4 ./Core/Src/global.o
                0x000000002000005c                horizontal
 .bss.vertical  0x0000000020000060        0x4 ./Core/Src/global.o
                0x0000000020000060                vertical
 .bss.mode      0x0000000020000064        0x4 ./Core/Src/global.o
                0x0000000020000064                mode
 .bss.index_led_7SEG
                0x0000000020000068        0x4 ./Core/Src/main.o
                0x0000000020000068                index_led_7SEG
 .bss.current_idx_task
                0x000000002000006c        0x4 ./Core/Src/scheduler.o
                0x000000002000006c                current_idx_task
 *(COMMON)
 COMMON         0x0000000020000070       0x48 ./Core/Src/button.o
                0x0000000020000070                buttonDebounce3
                0x000000002000007c                TimerForKeyPressed
                0x0000000020000088                button_flag
                0x0000000020000094                buttonDebounce2
                0x00000000200000a0                buttonDebounce0
                0x00000000200000ac                buttonDebounce1
 COMMON         0x00000000200000b8       0x18 ./Core/Src/global.o
                0x00000000200000b8                tempRed
                0x00000000200000bc                tempYellow
                0x00000000200000c0                yellowCounter
                0x00000000200000c4                greenCounter
                0x00000000200000c8                redCounter
                0x00000000200000cc                tempGreen
 COMMON         0x00000000200000d0       0x48 ./Core/Src/main.o
                0x00000000200000d0                htim2
 COMMON         0x0000000020000118       0xc8 ./Core/Src/scheduler.o
                0x0000000020000118                SCH_tasks_G
 COMMON         0x00000000200001e0        0x4 ./Drivers/STM32F1xx_HAL_Driver/Src/stm32f1xx_hal.o
                0x00000000200001e0                uwTick
                0x00000000200001e4                . = ALIGN (0x4)
                0x00000000200001e4                _ebss = .
                0x00000000200001e4                __bss_end__ = _ebss

._user_heap_stack
                0x00000000200001e4      0x604 load address 0x0000000008002a4c
                0x00000000200001e8                . = ALIGN (0x8)
 *fill*         0x00000000200001e4        0x4 
                [!provide]                        PROVIDE (end = .)
                0x00000000200001e8                PROVIDE (_end = .)
                0x00000000200003e8                . = (. + _Min_Heap_Size)
 *fill*         0x00000000200001e8      0x200 
                0x00000000200007e8                . = (. + _Min_Stack_Size)
 *fill*         0x00000000200003e8      0x400 
                0x00000000200007e8                . = ALIGN (0x8)

/DISCARD/
 libc.a(*)
 libm.a(*)
 libgcc.a(*)

.ARM.attributes
                0x0000000000000000       0x29
 *(.ARM.attributes)
 .ARM.attributes
                0x0000000000000000       0x1d e:/programme/stm32-ide/stm32cubeide_1.7.0/stm32cubeide/plugins/com.st.stm32cube.ide.mcu.externaltools.gnu-tools-for-stm32.9-2020-q2-update.win32_2.0.0.202105311346/tools/bin/../lib/gcc/arm-none-eabi/9.3.1/thumb/v7-m/nofp/crti.o
 .ARM.attributes
                0x000000000000001d       0x2d e:/programme/stm32-ide/stm32cubeide_1.7.0/stm32cubeide/plugins/com.st.stm32cube.ide.mcu.externaltools.gnu-tools-for-stm32.9-2020-q2-update.win32_2.0.0.202105311346/tools/bin/../lib/gcc/arm-none-eabi/9.3.1/thumb/v7-m/nofp/crtbegin.o
 .ARM.attributes
                0x000000000000004a       0x2d ./Core/Src/button.o
 .ARM.attributes
                0x0000000000000077       0x2d ./Core/Src/display.o
 .ARM.attributes
                0x00000000000000a4       0x2d ./Core/Src/fsm_automatic.o
 .ARM.attributes
                0x00000000000000d1       0x2d ./Core/Src/fsm_manual.o
 .ARM.attributes
                0x00000000000000fe       0x33 ./Core/Src/global.o
 .ARM.attributes
                0x0000000000000131       0x2d ./Core/Src/main.o
 .ARM.attributes
                0x000000000000015e       0x2d ./Core/Src/scheduler.o
 .ARM.attributes
                0x000000000000018b       0x2d ./Core/Src/stm32f1xx_hal_msp.o
 .ARM.attributes
                0x00000000000001b8       0x2d ./Core/Src/stm32f1xx_it.o
 .ARM.attributes
                0x00000000000001e5       0x2d ./Core/Src/system_stm32f1xx.o
 .ARM.attributes
                0x0000000000000212       0x21 ./Core/Startup/startup_stm32f103c6tx.o
 .ARM.attributes
                0x0000000000000233       0x2d ./Drivers/STM32F1xx_HAL_Driver/Src/stm32f1xx_hal.o
 .ARM.attributes
                0x0000000000000260       0x2d ./Drivers/STM32F1xx_HAL_Driver/Src/stm32f1xx_hal_cortex.o
 .ARM.attributes
                0x000000000000028d       0x2d ./Drivers/STM32F1xx_HAL_Driver/Src/stm32f1xx_hal_gpio.o
 .ARM.attributes
                0x00000000000002ba       0x2d ./Drivers/STM32F1xx_HAL_Driver/Src/stm32f1xx_hal_rcc.o
 .ARM.attributes
                0x00000000000002e7       0x2d ./Drivers/STM32F1xx_HAL_Driver/Src/stm32f1xx_hal_tim.o
 .ARM.attributes
                0x0000000000000314       0x2d ./Drivers/STM32F1xx_HAL_Driver/Src/stm32f1xx_hal_tim_ex.o
 .ARM.attributes
                0x0000000000000341       0x2d e:/programme/stm32-ide/stm32cubeide_1.7.0/stm32cubeide/plugins/com.st.stm32cube.ide.mcu.externaltools.gnu-tools-for-stm32.9-2020-q2-update.win32_2.0.0.202105311346/tools/bin/../lib/gcc/arm-none-eabi/9.3.1/../../../../arm-none-eabi/lib/thumb/v7-m/nofp\libc_nano.a(lib_a-init.o)
 .ARM.attributes
                0x000000000000036e       0x2d e:/programme/stm32-ide/stm32cubeide_1.7.0/stm32cubeide/plugins/com.st.stm32cube.ide.mcu.externaltools.gnu-tools-for-stm32.9-2020-q2-update.win32_2.0.0.202105311346/tools/bin/../lib/gcc/arm-none-eabi/9.3.1/../../../../arm-none-eabi/lib/thumb/v7-m/nofp\libc_nano.a(lib_a-memset.o)
 .ARM.attributes
                0x000000000000039b       0x1d e:/programme/stm32-ide/stm32cubeide_1.7.0/stm32cubeide/plugins/com.st.stm32cube.ide.mcu.externaltools.gnu-tools-for-stm32.9-2020-q2-update.win32_2.0.0.202105311346/tools/bin/../lib/gcc/arm-none-eabi/9.3.1/thumb/v7-m/nofp/crtn.o
OUTPUT(LAB4.elf elf32-littlearm)
LOAD linker stubs
LOAD e:/programme/stm32-ide/stm32cubeide_1.7.0/stm32cubeide/plugins/com.st.stm32cube.ide.mcu.externaltools.gnu-tools-for-stm32.9-2020-q2-update.win32_2.0.0.202105311346/tools/bin/../lib/gcc/arm-none-eabi/9.3.1/../../../../arm-none-eabi/lib/thumb/v7-m/nofp\libc.a
LOAD e:/programme/stm32-ide/stm32cubeide_1.7.0/stm32cubeide/plugins/com.st.stm32cube.ide.mcu.externaltools.gnu-tools-for-stm32.9-2020-q2-update.win32_2.0.0.202105311346/tools/bin/../lib/gcc/arm-none-eabi/9.3.1/../../../../arm-none-eabi/lib/thumb/v7-m/nofp\libm.a
LOAD e:/programme/stm32-ide/stm32cubeide_1.7.0/stm32cubeide/plugins/com.st.stm32cube.ide.mcu.externaltools.gnu-tools-for-stm32.9-2020-q2-update.win32_2.0.0.202105311346/tools/bin/../lib/gcc/arm-none-eabi/9.3.1/thumb/v7-m/nofp\libgcc.a

.debug_info     0x0000000000000000     0x9a9c
 .debug_info    0x0000000000000000      0x421 ./Core/Src/button.o
 .debug_info    0x0000000000000421      0x4b4 ./Core/Src/display.o
 .debug_info    0x00000000000008d5      0x2ab ./Core/Src/fsm_automatic.o
 .debug_info    0x0000000000000b80      0x299 ./Core/Src/fsm_manual.o
 .debug_info    0x0000000000000e19      0x30c ./Core/Src/global.o
 .debug_info    0x0000000000001125      0xc88 ./Core/Src/main.o
 .debug_info    0x0000000000001dad      0x3fe ./Core/Src/scheduler.o
 .debug_info    0x00000000000021ab      0xa09 ./Core/Src/stm32f1xx_hal_msp.o
 .debug_info    0x0000000000002bb4      0x7b9 ./Core/Src/stm32f1xx_it.o
 .debug_info    0x000000000000336d      0x2be ./Core/Src/system_stm32f1xx.o
 .debug_info    0x000000000000362b       0x22 ./Core/Startup/startup_stm32f103c6tx.o
 .debug_info    0x000000000000364d      0x74c ./Drivers/STM32F1xx_HAL_Driver/Src/stm32f1xx_hal.o
 .debug_info    0x0000000000003d99      0xbbe ./Drivers/STM32F1xx_HAL_Driver/Src/stm32f1xx_hal_cortex.o
 .debug_info    0x0000000000004957      0x701 ./Drivers/STM32F1xx_HAL_Driver/Src/stm32f1xx_hal_gpio.o
 .debug_info    0x0000000000005058      0x893 ./Drivers/STM32F1xx_HAL_Driver/Src/stm32f1xx_hal_rcc.o
 .debug_info    0x00000000000058eb     0x2c32 ./Drivers/STM32F1xx_HAL_Driver/Src/stm32f1xx_hal_tim.o
 .debug_info    0x000000000000851d     0x157f ./Drivers/STM32F1xx_HAL_Driver/Src/stm32f1xx_hal_tim_ex.o

.debug_abbrev   0x0000000000000000     0x1c0c
 .debug_abbrev  0x0000000000000000      0x188 ./Core/Src/button.o
 .debug_abbrev  0x0000000000000188      0x1bb ./Core/Src/display.o
 .debug_abbrev  0x0000000000000343       0xe3 ./Core/Src/fsm_automatic.o
 .debug_abbrev  0x0000000000000426       0xcb ./Core/Src/fsm_manual.o
 .debug_abbrev  0x00000000000004f1       0xa9 ./Core/Src/global.o
 .debug_abbrev  0x000000000000059a      0x244 ./Core/Src/main.o
 .debug_abbrev  0x00000000000007de      0x182 ./Core/Src/scheduler.o
 .debug_abbrev  0x0000000000000960      0x1b7 ./Core/Src/stm32f1xx_hal_msp.o
 .debug_abbrev  0x0000000000000b17      0x176 ./Core/Src/stm32f1xx_it.o
 .debug_abbrev  0x0000000000000c8d      0x14e ./Core/Src/system_stm32f1xx.o
 .debug_abbrev  0x0000000000000ddb       0x12 ./Core/Startup/startup_stm32f103c6tx.o
 .debug_abbrev  0x0000000000000ded      0x1ed ./Drivers/STM32F1xx_HAL_Driver/Src/stm32f1xx_hal.o
 .debug_abbrev  0x0000000000000fda      0x313 ./Drivers/STM32F1xx_HAL_Driver/Src/stm32f1xx_hal_cortex.o
 .debug_abbrev  0x00000000000012ed      0x1e8 ./Drivers/STM32F1xx_HAL_Driver/Src/stm32f1xx_hal_gpio.o
 .debug_abbrev  0x00000000000014d5      0x273 ./Drivers/STM32F1xx_HAL_Driver/Src/stm32f1xx_hal_rcc.o
 .debug_abbrev  0x0000000000001748      0x25e ./Drivers/STM32F1xx_HAL_Driver/Src/stm32f1xx_hal_tim.o
 .debug_abbrev  0x00000000000019a6      0x266 ./Drivers/STM32F1xx_HAL_Driver/Src/stm32f1xx_hal_tim_ex.o

.debug_aranges  0x0000000000000000      0xa60
 .debug_aranges
                0x0000000000000000       0x38 ./Core/Src/button.o
 .debug_aranges
                0x0000000000000038       0x50 ./Core/Src/display.o
 .debug_aranges
                0x0000000000000088       0x28 ./Core/Src/fsm_automatic.o
 .debug_aranges
                0x00000000000000b0       0x20 ./Core/Src/fsm_manual.o
 .debug_aranges
                0x00000000000000d0       0x18 ./Core/Src/global.o
 .debug_aranges
                0x00000000000000e8       0x50 ./Core/Src/main.o
 .debug_aranges
                0x0000000000000138       0x40 ./Core/Src/scheduler.o
 .debug_aranges
                0x0000000000000178       0x30 ./Core/Src/stm32f1xx_hal_msp.o
 .debug_aranges
                0x00000000000001a8       0x68 ./Core/Src/stm32f1xx_it.o
 .debug_aranges
                0x0000000000000210       0x28 ./Core/Src/system_stm32f1xx.o
 .debug_aranges
                0x0000000000000238       0x28 ./Core/Startup/startup_stm32f103c6tx.o
 .debug_aranges
                0x0000000000000260       0xe0 ./Drivers/STM32F1xx_HAL_Driver/Src/stm32f1xx_hal.o
 .debug_aranges
                0x0000000000000340      0x100 ./Drivers/STM32F1xx_HAL_Driver/Src/stm32f1xx_hal_cortex.o
 .debug_aranges
                0x0000000000000440       0x58 ./Drivers/STM32F1xx_HAL_Driver/Src/stm32f1xx_hal_gpio.o
 .debug_aranges
                0x0000000000000498       0x90 ./Drivers/STM32F1xx_HAL_Driver/Src/stm32f1xx_hal_rcc.o
 .debug_aranges
                0x0000000000000528      0x3d0 ./Drivers/STM32F1xx_HAL_Driver/Src/stm32f1xx_hal_tim.o
 .debug_aranges
                0x00000000000008f8      0x168 ./Drivers/STM32F1xx_HAL_Driver/Src/stm32f1xx_hal_tim_ex.o

.debug_ranges   0x0000000000000000      0x950
 .debug_ranges  0x0000000000000000       0x28 ./Core/Src/button.o
 .debug_ranges  0x0000000000000028       0x40 ./Core/Src/display.o
 .debug_ranges  0x0000000000000068       0x18 ./Core/Src/fsm_automatic.o
 .debug_ranges  0x0000000000000080       0x10 ./Core/Src/fsm_manual.o
 .debug_ranges  0x0000000000000090       0x40 ./Core/Src/main.o
 .debug_ranges  0x00000000000000d0       0x30 ./Core/Src/scheduler.o
 .debug_ranges  0x0000000000000100       0x20 ./Core/Src/stm32f1xx_hal_msp.o
 .debug_ranges  0x0000000000000120       0x58 ./Core/Src/stm32f1xx_it.o
 .debug_ranges  0x0000000000000178       0x18 ./Core/Src/system_stm32f1xx.o
 .debug_ranges  0x0000000000000190       0x20 ./Core/Startup/startup_stm32f103c6tx.o
 .debug_ranges  0x00000000000001b0       0xd0 ./Drivers/STM32F1xx_HAL_Driver/Src/stm32f1xx_hal.o
 .debug_ranges  0x0000000000000280       0xf0 ./Drivers/STM32F1xx_HAL_Driver/Src/stm32f1xx_hal_cortex.o
 .debug_ranges  0x0000000000000370       0x48 ./Drivers/STM32F1xx_HAL_Driver/Src/stm32f1xx_hal_gpio.o
 .debug_ranges  0x00000000000003b8       0x80 ./Drivers/STM32F1xx_HAL_Driver/Src/stm32f1xx_hal_rcc.o
 .debug_ranges  0x0000000000000438      0x3c0 ./Drivers/STM32F1xx_HAL_Driver/Src/stm32f1xx_hal_tim.o
 .debug_ranges  0x00000000000007f8      0x158 ./Drivers/STM32F1xx_HAL_Driver/Src/stm32f1xx_hal_tim_ex.o

.debug_macro    0x0000000000000000    0x16f7d
 .debug_macro   0x0000000000000000      0x1f4 ./Core/Src/button.o
 .debug_macro   0x00000000000001f4      0xa9c ./Core/Src/button.o
 .debug_macro   0x0000000000000c90      0x215 ./Core/Src/button.o
 .debug_macro   0x0000000000000ea5       0x2e ./Core/Src/button.o
 .debug_macro   0x0000000000000ed3       0x22 ./Core/Src/button.o
 .debug_macro   0x0000000000000ef5       0x22 ./Core/Src/button.o
 .debug_macro   0x0000000000000f17       0x8e ./Core/Src/button.o
 .debug_macro   0x0000000000000fa5       0x51 ./Core/Src/button.o
 .debug_macro   0x0000000000000ff6      0x103 ./Core/Src/button.o
 .debug_macro   0x00000000000010f9       0x6a ./Core/Src/button.o
 .debug_macro   0x0000000000001163      0x1df ./Core/Src/button.o
 .debug_macro   0x0000000000001342       0x1c ./Core/Src/button.o
 .debug_macro   0x000000000000135e       0x22 ./Core/Src/button.o
 .debug_macro   0x0000000000001380       0xc3 ./Core/Src/button.o
 .debug_macro   0x0000000000001443      0xd23 ./Core/Src/button.o
 .debug_macro   0x0000000000002166     0xde75 ./Core/Src/button.o
 .debug_macro   0x000000000000ffdb       0x6d ./Core/Src/button.o
 .debug_macro   0x0000000000010048     0x34a2 ./Core/Src/button.o
 .debug_macro   0x00000000000134ea      0x174 ./Core/Src/button.o
 .debug_macro   0x000000000001365e       0x5c ./Core/Src/button.o
 .debug_macro   0x00000000000136ba      0x5bc ./Core/Src/button.o
 .debug_macro   0x0000000000013c76      0x1b7 ./Core/Src/button.o
 .debug_macro   0x0000000000013e2d      0x1cb ./Core/Src/button.o
 .debug_macro   0x0000000000013ff8      0x114 ./Core/Src/button.o
 .debug_macro   0x000000000001410c      0x1b2 ./Core/Src/button.o
 .debug_macro   0x00000000000142be       0x27 ./Core/Src/button.o
 .debug_macro   0x00000000000142e5      0x12f ./Core/Src/button.o
 .debug_macro   0x0000000000014414      0x1bc ./Core/Src/button.o
 .debug_macro   0x00000000000145d0       0x34 ./Core/Src/button.o
 .debug_macro   0x0000000000014604       0x3c ./Core/Src/button.o
 .debug_macro   0x0000000000014640       0x57 ./Core/Src/button.o
 .debug_macro   0x0000000000014697       0x87 ./Core/Src/button.o
 .debug_macro   0x000000000001471e      0x183 ./Core/Src/button.o
 .debug_macro   0x00000000000148a1      0x140 ./Core/Src/button.o
 .debug_macro   0x00000000000149e1      0x8ed ./Core/Src/button.o
 .debug_macro   0x00000000000152ce       0x69 ./Core/Src/button.o
 .debug_macro   0x0000000000015337       0xf4 ./Core/Src/button.o
 .debug_macro   0x000000000001542b       0x3a ./Core/Src/button.o
 .debug_macro   0x0000000000015465       0x16 ./Core/Src/button.o
 .debug_macro   0x000000000001547b      0x1f4 ./Core/Src/display.o
 .debug_macro   0x000000000001566f      0x1f4 ./Core/Src/fsm_automatic.o
 .debug_macro   0x0000000000015863      0x1f4 ./Core/Src/fsm_manual.o
 .debug_macro   0x0000000000015a57      0x1f0 ./Core/Src/global.o
 .debug_macro   0x0000000000015c47      0x20d ./Core/Src/main.o
 .debug_macro   0x0000000000015e54       0x10 ./Core/Src/main.o
 .debug_macro   0x0000000000015e64      0x200 ./Core/Src/scheduler.o
 .debug_macro   0x0000000000016064      0x1a6 ./Core/Src/stm32f1xx_hal_msp.o
 .debug_macro   0x000000000001620a      0x1b0 ./Core/Src/stm32f1xx_it.o
 .debug_macro   0x00000000000163ba      0x197 ./Core/Src/system_stm32f1xx.o
 .debug_macro   0x0000000000016551      0x1bb ./Drivers/STM32F1xx_HAL_Driver/Src/stm32f1xx_hal.o
 .debug_macro   0x000000000001670c      0x197 ./Drivers/STM32F1xx_HAL_Driver/Src/stm32f1xx_hal_cortex.o
 .debug_macro   0x00000000000168a3      0x202 ./Drivers/STM32F1xx_HAL_Driver/Src/stm32f1xx_hal_gpio.o
 .debug_macro   0x0000000000016aa5      0x1a9 ./Drivers/STM32F1xx_HAL_Driver/Src/stm32f1xx_hal_rcc.o
 .debug_macro   0x0000000000016c4e      0x198 ./Drivers/STM32F1xx_HAL_Driver/Src/stm32f1xx_hal_tim.o
 .debug_macro   0x0000000000016de6      0x197 ./Drivers/STM32F1xx_HAL_Driver/Src/stm32f1xx_hal_tim_ex.o

.debug_line     0x0000000000000000     0xc89d
 .debug_line    0x0000000000000000      0x832 ./Core/Src/button.o
 .debug_line    0x0000000000000832      0x86c ./Core/Src/display.o
 .debug_line    0x000000000000109e      0x827 ./Core/Src/fsm_automatic.o
 .debug_line    0x00000000000018c5      0x82d ./Core/Src/fsm_manual.o
 .debug_line    0x00000000000020f2      0x710 ./Core/Src/global.o
 .debug_line    0x0000000000002802      0x883 ./Core/Src/main.o
 .debug_line    0x0000000000003085      0x886 ./Core/Src/scheduler.o
 .debug_line    0x000000000000390b      0x714 ./Core/Src/stm32f1xx_hal_msp.o
 .debug_line    0x000000000000401f      0x7b2 ./Core/Src/stm32f1xx_it.o
 .debug_line    0x00000000000047d1      0x756 ./Core/Src/system_stm32f1xx.o
 .debug_line    0x0000000000004f27       0x86 ./Core/Startup/startup_stm32f103c6tx.o
 .debug_line    0x0000000000004fad      0x983 ./Drivers/STM32F1xx_HAL_Driver/Src/stm32f1xx_hal.o
 .debug_line    0x0000000000005930      0xb6b ./Drivers/STM32F1xx_HAL_Driver/Src/stm32f1xx_hal_cortex.o
 .debug_line    0x000000000000649b      0xa06 ./Drivers/STM32F1xx_HAL_Driver/Src/stm32f1xx_hal_gpio.o
 .debug_line    0x0000000000006ea1      0xd8f ./Drivers/STM32F1xx_HAL_Driver/Src/stm32f1xx_hal_rcc.o
 .debug_line    0x0000000000007c30     0x33d4 ./Drivers/STM32F1xx_HAL_Driver/Src/stm32f1xx_hal_tim.o
 .debug_line    0x000000000000b004     0x1899 ./Drivers/STM32F1xx_HAL_Driver/Src/stm32f1xx_hal_tim_ex.o

.debug_str      0x0000000000000000    0x82494
 .debug_str     0x0000000000000000    0x7f94a ./Core/Src/button.o
                                      0x7fccc (size before relaxing)
 .debug_str     0x000000000007f94a       0xbe ./Core/Src/display.o
                                      0x7fccb (size before relaxing)
 .debug_str     0x000000000007fa08       0x37 ./Core/Src/fsm_automatic.o
                                      0x7fc35 (size before relaxing)
 .debug_str     0x000000000007fa3f       0x28 ./Core/Src/fsm_manual.o
                                      0x7fc26 (size before relaxing)
 .debug_str     0x000000000007fa67       0x15 ./Core/Src/global.o
                                      0x7fbeb (size before relaxing)
 .debug_str     0x000000000007fa7c      0x71c ./Core/Src/main.o
                                      0x803e9 (size before relaxing)
 .debug_str     0x0000000000080198       0xaa ./Core/Src/scheduler.o
                                      0x7fcb7 (size before relaxing)
 .debug_str     0x0000000000080242      0x2ba ./Core/Src/stm32f1xx_hal_msp.o
                                      0x8022f (size before relaxing)
 .debug_str     0x00000000000804fc       0xcd ./Core/Src/stm32f1xx_it.o
                                      0x7ff91 (size before relaxing)
 .debug_str     0x00000000000805c9       0x52 ./Core/Src/system_stm32f1xx.o
                                      0x7f76b (size before relaxing)
 .debug_str     0x000000000008061b       0x36 ./Core/Startup/startup_stm32f103c6tx.o
                                         0x5f (size before relaxing)
 .debug_str     0x0000000000080651      0x304 ./Drivers/STM32F1xx_HAL_Driver/Src/stm32f1xx_hal.o
                                      0x7fdc2 (size before relaxing)
 .debug_str     0x0000000000080955      0x300 ./Drivers/STM32F1xx_HAL_Driver/Src/stm32f1xx_hal_cortex.o
                                      0x7fdca (size before relaxing)
 .debug_str     0x0000000000080c55      0x324 ./Drivers/STM32F1xx_HAL_Driver/Src/stm32f1xx_hal_gpio.o
                                      0x7fb2f (size before relaxing)
 .debug_str     0x0000000000080f79      0x24f ./Drivers/STM32F1xx_HAL_Driver/Src/stm32f1xx_hal_rcc.o
                                      0x7fb68 (size before relaxing)
 .debug_str     0x00000000000811c8      0xdde ./Drivers/STM32F1xx_HAL_Driver/Src/stm32f1xx_hal_tim.o
                                      0x80b51 (size before relaxing)
 .debug_str     0x0000000000081fa6      0x4ee ./Drivers/STM32F1xx_HAL_Driver/Src/stm32f1xx_hal_tim_ex.o
                                      0x802f2 (size before relaxing)

.comment        0x0000000000000000       0x53
 .comment       0x0000000000000000       0x53 ./Core/Src/button.o
                                         0x54 (size before relaxing)
 .comment       0x0000000000000053       0x54 ./Core/Src/display.o
 .comment       0x0000000000000053       0x54 ./Core/Src/fsm_automatic.o
 .comment       0x0000000000000053       0x54 ./Core/Src/fsm_manual.o
 .comment       0x0000000000000053       0x54 ./Core/Src/global.o
 .comment       0x0000000000000053       0x54 ./Core/Src/main.o
 .comment       0x0000000000000053       0x54 ./Core/Src/scheduler.o
 .comment       0x0000000000000053       0x54 ./Core/Src/stm32f1xx_hal_msp.o
 .comment       0x0000000000000053       0x54 ./Core/Src/stm32f1xx_it.o
 .comment       0x0000000000000053       0x54 ./Core/Src/system_stm32f1xx.o
 .comment       0x0000000000000053       0x54 ./Drivers/STM32F1xx_HAL_Driver/Src/stm32f1xx_hal.o
 .comment       0x0000000000000053       0x54 ./Drivers/STM32F1xx_HAL_Driver/Src/stm32f1xx_hal_cortex.o
 .comment       0x0000000000000053       0x54 ./Drivers/STM32F1xx_HAL_Driver/Src/stm32f1xx_hal_gpio.o
 .comment       0x0000000000000053       0x54 ./Drivers/STM32F1xx_HAL_Driver/Src/stm32f1xx_hal_rcc.o
 .comment       0x0000000000000053       0x54 ./Drivers/STM32F1xx_HAL_Driver/Src/stm32f1xx_hal_tim.o
 .comment       0x0000000000000053       0x54 ./Drivers/STM32F1xx_HAL_Driver/Src/stm32f1xx_hal_tim_ex.o

.debug_frame    0x0000000000000000     0x28e0
 .debug_frame   0x0000000000000000       0xac ./Core/Src/button.o
 .debug_frame   0x00000000000000ac      0x108 ./Core/Src/display.o
 .debug_frame   0x00000000000001b4       0x4c ./Core/Src/fsm_automatic.o
 .debug_frame   0x0000000000000200       0x2c ./Core/Src/fsm_manual.o
 .debug_frame   0x000000000000022c       0xf0 ./Core/Src/main.o
 .debug_frame   0x000000000000031c       0xd4 ./Core/Src/scheduler.o
 .debug_frame   0x00000000000003f0       0x80 ./Core/Src/stm32f1xx_hal_msp.o
 .debug_frame   0x0000000000000470      0x120 ./Core/Src/stm32f1xx_it.o
 .debug_frame   0x0000000000000590       0x58 ./Core/Src/system_stm32f1xx.o
 .debug_frame   0x00000000000005e8      0x334 ./Drivers/STM32F1xx_HAL_Driver/Src/stm32f1xx_hal.o
 .debug_frame   0x000000000000091c      0x428 ./Drivers/STM32F1xx_HAL_Driver/Src/stm32f1xx_hal_cortex.o
 .debug_frame   0x0000000000000d44      0x14c ./Drivers/STM32F1xx_HAL_Driver/Src/stm32f1xx_hal_gpio.o
 .debug_frame   0x0000000000000e90      0x218 ./Drivers/STM32F1xx_HAL_Driver/Src/stm32f1xx_hal_rcc.o
 .debug_frame   0x00000000000010a8     0x11b4 ./Drivers/STM32F1xx_HAL_Driver/Src/stm32f1xx_hal_tim.o
 .debug_frame   0x000000000000225c      0x638 ./Drivers/STM32F1xx_HAL_Driver/Src/stm32f1xx_hal_tim_ex.o
 .debug_frame   0x0000000000002894       0x2c e:/programme/stm32-ide/stm32cubeide_1.7.0/stm32cubeide/plugins/com.st.stm32cube.ide.mcu.externaltools.gnu-tools-for-stm32.9-2020-q2-update.win32_2.0.0.202105311346/tools/bin/../lib/gcc/arm-none-eabi/9.3.1/../../../../arm-none-eabi/lib/thumb/v7-m/nofp\libc_nano.a(lib_a-init.o)
 .debug_frame   0x00000000000028c0       0x20 e:/programme/stm32-ide/stm32cubeide_1.7.0/stm32cubeide/plugins/com.st.stm32cube.ide.mcu.externaltools.gnu-tools-for-stm32.9-2020-q2-update.win32_2.0.0.202105311346/tools/bin/../lib/gcc/arm-none-eabi/9.3.1/../../../../arm-none-eabi/lib/thumb/v7-m/nofp\libc_nano.a(lib_a-memset.o)
